{"time":"2026-09-14T23:08:13+07:00","level":"INFO","message":"service đang khởi động"}
{"time":"2026-09-14T23:08:14+07:00","level":"ERROR","message":"đặt ngày hệ thống thất bại","error":"không đặt được ngày hệ thống (14/09/2026): exit status 1 (output: The system cannot accept the date entered.\r\nEnter the new date: (mm-dd-yy) )"}
{"time":"2026-09-14T23:08:14+07:00","level":"ERROR","message":"đồng bộ giờ lần đầu thất bại","error":"không đặt được ngày hệ thống (14/09/2026): exit status 1 (output: The system cannot accept the date entered.\r\nEnter the new date: (mm-dd-yy) )"}
{"time":"2026-09-14T23:08:24+07:00","level":"ERROR","message":"đặt ngày hệ thống thất bại","error":"không đặt được ngày hệ thống (14/09/2026): exit status 1 (output: The system cannot accept the date entered.\r\nEnter the new date: (mm-dd-yy) )"}
{"time":"2026-09-14T23:08:24+07:00","level":"ERROR","message":"đồng bộ giờ định kỳ thất bại","error":"không đặt được ngày hệ thống (14/09/2026): exit status 1 (output: The system cannot accept the date entered.\r\nEnter the new date: (mm-dd-yy) )"}
{"time":"2026-09-14T23:08:34+07:00","level":"ERROR","message":"đặt ngày hệ thống thất bại","error":"không đặt được ngày hệ thống (14/09/2026): exit status 1 (output: The system cannot accept the date entered.\r\nEnter the new date: (mm-dd-yy) )"}
{"time":"2026-09-14T23:08:34+07:00","level":"ERROR","message":"đồng bộ giờ định kỳ thất bại","error":"không đặt được ngày hệ thống (14/09/2026): exit status 1 (output: The system cannot accept the date entered.\r\nEnter the new date: (mm-dd-yy) )"}
{"time":"2026-09-14T23:08:44+07:00","level":"ERROR","message":"đặt ngày hệ thống thất bại","error":"không đặt được ngày hệ thống (14/09/2026): exit status 1 (output: The system cannot accept the date entered.\r\nEnter the new date: (mm-dd-yy) )"}
{"time":"2026-09-14T23:08:44+07:00","level":"ERROR","message":"đồng bộ giờ định kỳ thất bại","error":"không đặt được ngày hệ thống (14/09/2026): exit status 1 (output: The system cannot accept the date entered.\r\nEnter the new date: (mm-dd-yy) )"}
{"time":"2026-09-14T23:08:54+07:00","level":"ERROR","message":"đặt ngày hệ thống thất bại","error":"không đặt được ngày hệ thống (14/09/2026): exit status 1 (output: The system cannot accept the date entered.\r\nEnter the new date: (mm-dd-yy) )"}
{"time":"2026-09-14T23:08:54+07:00","level":"ERROR","message":"đồng bộ giờ định kỳ thất bại","error":"không đặt được ngày hệ thống (14/09/2026): exit status 1 (output: The system cannot accept the date entered.\r\nEnter the new date: (mm-dd-yy) )"}
{"time":"2026-09-14T23:09:04+07:00","level":"ERROR","message":"đặt ngày hệ thống thất bại","error":"không đặt được ngày hệ thống (14/09/2026): exit status 1 (output: The system cannot accept the date entered.\r\nEnter the new date: (mm-dd-yy) )"}
{"time":"2026-09-14T23:09:04+07:00","level":"ERROR","message":"đồng bộ giờ định kỳ thất bại","error":"không đặt được ngày hệ thống (14/09/2026): exit status 1 (output: The system cannot accept the date entered.\r\nEnter the new date: (mm-dd-yy) )"}
{"time":"2026-09-14T23:09:14+07:00","level":"ERROR","message":"đặt ngày hệ thống thất bại","error":"không đặt được ngày hệ thống (14/09/2026): exit status 1 (output: The system cannot accept the date entered.\r\nEnter the new date: (mm-dd-yy) )"}
{"time":"2026-09-14T23:09:14+07:00","level":"ERROR","message":"đồng bộ giờ định kỳ thất bại","error":"không đặt được ngày hệ thống (14/09/2026): exit status 1 (output: The system cannot accept the date entered.\r\nEnter the new date: (mm-dd-yy) )"}
{"time":"2026-09-14T23:09:24+07:00","level":"ERROR","message":"đặt ngày hệ thống thất bại","error":"không đặt được ngày hệ thống (14/09/2026): exit status 1 (output: The system cannot accept the date entered.\r\nEnter the new date: (mm-dd-yy) )"}
{"time":"2026-09-14T23:09:24+07:00","level":"ERROR","message":"đồng bộ giờ định kỳ thất bại","error":"không đặt được ngày hệ thống (14/09/2026): exit status 1 (output: The system cannot accept the date entered.\r\nEnter the new date: (mm-dd-yy) )"}
{"time":"2026-09-14T23:09:34+07:00","level":"ERROR","message":"đặt ngày hệ thống thất bại","error":"không đặt được ngày hệ thống (14/09/2026): exit status 1 (output: The system cannot accept the date entered.\r\nEnter the new date: (mm-dd-yy) )"}
{"time":"2026-09-14T23:09:34+07:00","level":"ERROR","message":"đồng bộ giờ định kỳ thất bại","error":"không đặt được ngày hệ thống (14/09/2026): exit status 1 (output: The system cannot accept the date entered.\r\nEnter the new date: (mm-dd-yy) )"}
{"time":"2026-09-14T23:09:44+07:00","level":"ERROR","message":"đặt ngày hệ thống thất bại","error":"không đặt được ngày hệ thống (14/09/2026): exit status 1 (output: The system cannot accept the date entered.\r\nEnter the new date: (mm-dd-yy) )"}
{"time":"2026-09-14T23:09:44+07:00","level":"ERROR","message":"đồng bộ giờ định kỳ thất bại","error":"không đặt được ngày hệ thống (14/09/2026): exit status 1 (output: The system cannot accept the date entered.\r\nEnter the new date: (mm-dd-yy) )"}
{"time":"2026-09-14T23:09:54+07:00","level":"ERROR","message":"đặt ngày hệ thống thất bại","error":"không đặt được ngày hệ thống (14/09/2026): exit status 1 (output: The system cannot accept the date entered.\r\nEnter the new date: (mm-dd-yy) )"}
{"time":"2026-09-14T23:09:54+07:00","level":"ERROR","message":"đồng bộ giờ định kỳ thất bại","error":"không đặt được ngày hệ thống (14/09/2026): exit status 1 (output: The system cannot accept the date entered.\r\nEnter the new date: (mm-dd-yy) )"}
{"time":"2026-09-14T23:10:04+07:00","level":"ERROR","message":"đặt ngày hệ thống thất bại","error":"không đặt được ngày hệ thống (14/09/2026): exit status 1 (output: The system cannot accept the date entered.\r\nEnter the new date: (mm-dd-yy) )"}
{"time":"2026-09-14T23:10:04+07:00","level":"ERROR","message":"đồng bộ giờ định kỳ thất bại","error":"không đặt được ngày hệ thống (14/09/2026): exit status 1 (output: The system cannot accept the date entered.\r\nEnter the new date: (mm-dd-yy) )"}
{"time":"2026-09-14T23:10:14+07:00","level":"ERROR","message":"đặt ngày hệ thống thất bại","error":"không đặt được ngày hệ thống (14/09/2026): exit status 1 (output: The system cannot accept the date entered.\r\nEnter the new date: (mm-dd-yy) )"}
{"time":"2026-09-14T23:10:14+07:00","level":"ERROR","message":"đồng bộ giờ định kỳ thất bại","error":"không đặt được ngày hệ thống (14/09/2026): exit status 1 (output: The system cannot accept the date entered.\r\nEnter the new date: (mm-dd-yy) )"}
{"time":"2026-09-14T23:10:24+07:00","level":"ERROR","message":"đặt ngày hệ thống thất bại","error":"không đặt được ngày hệ thống (14/09/2026): exit status 1 (output: The system cannot accept the date entered.\r\nEnter the new date: (mm-dd-yy) )"}
{"time":"2026-09-14T23:10:24+07:00","level":"ERROR","message":"đồng bộ giờ định kỳ thất bại","error":"không đặt được ngày hệ thống (14/09/2026): exit status 1 (output: The system cannot accept the date entered.\r\nEnter the new date: (mm-dd-yy) )"}
{"time":"2026-09-14T23:10:34+07:00","level":"ERROR","message":"đặt ngày hệ thống thất bại","error":"không đặt được ngày hệ thống (14/09/2026): exit status 1 (output: The system cannot accept the date entered.\r\nEnter the new date: (mm-dd-yy) )"}
{"time":"2026-09-14T23:10:34+07:00","level":"ERROR","message":"đồng bộ giờ định kỳ thất bại","error":"không đặt được ngày hệ thống (14/09/2026): exit status 1 (output: The system cannot accept the date entered.\r\nEnter the new date: (mm-dd-yy) )"}
{"time":"2026-09-14T23:10:38+07:00","level":"INFO","message":"service đang dừng"}
{"time":"2026-09-14T23:11:12+07:00","level":"INFO","message":"service đang khởi động"}
{"time":"2026-09-14T23:11:13+07:00","level":"ERROR","message":"đặt ngày hệ thống thất bại","error":"không đặt được ngày hệ thống (14/09/2026): exit status 1 (output: The system cannot accept the date entered.\r\nEnter the new date: (mm-dd-yy) )"}
{"time":"2026-09-14T23:11:13+07:00","level":"ERROR","message":"đồng bộ giờ lần đầu thất bại","error":"không đặt được ngày hệ thống (14/09/2026): exit status 1 (output: The system cannot accept the date entered.\r\nEnter the new date: (mm-dd-yy) )"}
